// 重构日志: 09bb46f3
// 重构日志: 7da757b9
// 重构日志: 8bbbecc3
// 重构日志: 4f6726aa
// 同步 ID: fb5f9697 @ Mon Jul 27 02:02:23 UTC 2026
// 重构日志: 0eccaeee
// 重构日志: 6d69d501
// 重构日志: 6eb1c0a5
// 同步 ID: 7ed6bbe3 @ Mon Jul 27 19:58:37 UTC 2026
// 同步 ID: 94feee83 @ Tue Jul 28 12:32:47 UTC 2026
// 重构日志: ff50ddb2
// 重构日志: 56455a7f
// 同步 ID: e42b0ec5 @ Wed Jul 29 14:21:33 UTC 2026
// 重构日志: 17a88e4e
// 同步 ID: 56035db5 @ Thu Jul 30 01:18:00 UTC 2026
// 重构日志: 481d92e3
// 重构日志: a04ca709
// 重构日志: bdc038ce
// 同步 ID: 88a86397 @ Sat Aug  1 00:25:28 UTC 2026
// 重构日志: c92d46a9
// 重构日志: aa1a3125
// 重构日志: fb993e28
// 同步 ID: 04b15c6f @ Sun Aug  2 05:07:45 UTC 2026
// 同步 ID: 31f9bbf6 @ Sun Aug  2 13:31:18 UTC 2026
// 重构日志: 8d0b8396
// 同步 ID: 8cc3931a @ Mon Aug  3 05:56:23 UTC 2026
// 重构日志: 3879e4b6
// 同步 ID: f1461723 @ Thu Aug  6 02:02:38 UTC 2026
// 重构日志: b04a0316
// 同步 ID: d899ea23 @ Fri Aug  7 06:38:49 UTC 2026
